// Jest Snapshot v1, https://goo.gl/fbAQLP

exports[`GraphQlUploader should handle unsuccessful refresh attempt during authentication error 1`] = `
Object {
  "error": "RedirectToLogin",
}
`;
